[backblue.gif]
[fade.gif]
[index.html]
[fuzzycarrotnipples.com/graphics/Header.jpg]
[fuzzycarrotnipples.com/Images/LiveFrontPageAd4.jpg]
[fuzzycarrotnipples.com/graphics/MainImage.jpg]
[fuzzycarrotnipples.com/Images/LiveFrontPageAd3.jpg]
[fuzzycarrotnipples.com/DownloadFiles/PresidentNoIntro.mp3]
[fuzzycarrotnipples.com/graphics/President.jpg]
[fuzzycarrotnipples.com/DownloadFiles/CoronerLive.mp3]
[fuzzycarrotnipples.com/graphics/Coroner.jpg]
[fuzzycarrotnipples.com/graphics/BigTop.jpg]
[fuzzycarrotnipples.com/graphics/PepperSpray.jpg]
[fuzzycarrotnipples.com/index.html]
[fuzzycarrotnipples.com/graphics/SubHeadHEADER.jpg]
[fuzzycarrotnipples.com/graphics/ButtonsBIOS.jpg]
[fuzzycarrotnipples.com/graphics/Rollover1.jpg]
[fuzzycarrotnipples.com/graphics/ButtonsBLOG.jpg]
[fuzzycarrotnipples.com/graphics/Rollover2.jpg]
[fuzzycarrotnipples.com/graphics/ButtonsMUSIC.jpg]
[fuzzycarrotnipples.com/graphics/Rollover3.jpg]
[fuzzycarrotnipples.com/graphics/ButtonsNEWS.jpg]
[fuzzycarrotnipples.com/graphics/Rollover4.jpg]
[fuzzycarrotnipples.com/graphics/ButtonsSTORE.jpg]
[fuzzycarrotnipples.com/graphics/Rollover5.jpg]
[fuzzycarrotnipples.com/graphics/YouAreHere.jpg]
[fuzzycarrotnipples.com/graphics/DividerLine.jpg]
[fuzzycarrotnipples.com/DownloadFiles/Engagement.mp3]
[fuzzycarrotnipples.com/Images/Engagementbanner900x100.jpg]
[fuzzycarrotnipples.com/graphics/greatesthits.jpg]
[fuzzycarrotnipples.com/graphics/CDcover.jpg]
[fuzzycarrotnipples.com/store.html]
[fuzzycarrotnipples.com/graphics/SubPhotoRiot.jpg]
[fuzzycarrotnipples.com/BiosArticles/danbio.jpg]
[fuzzycarrotnipples.com/BiosArticles/mattbio.jpg]
[fuzzycarrotnipples.com/blogs.html]
[fuzzycarrotnipples.com/bios.html]
[fuzzycarrotnipples.com/graphics/SubPhotoPasture.jpg]
[fuzzycarrotnipples.com/DownloadFiles/Fuzzy_Carrot_Nipples_Jan_04.qt]
[fuzzycarrotnipples.com/music.html]
[fuzzycarrotnipples.com/Images/GovernmentBailoutMain.jpg]
[fuzzycarrotnipples.com/news.html]
[fuzzycarrotnipples.com/NewsArticles/March42010.html]
[fuzzycarrotnipples.com/StyleSheets/fcn.css]
[fuzzycarrotnipples.com/index-2.html]
[fuzzycarrotnipples.com/BiosArticles/Matt.html]
[fuzzycarrotnipples.com/BiosArticles/Dan.html]
[fuzzycarrotnipples.com/NewsArticles/January252009.html]
[fuzzycarrotnipples.com/graphics/FlawlissMainSmall.jpg]
[fuzzycarrotnipples.com/NewsArticles/January22008.html]
[fuzzycarrotnipples.com/NewsArticles/October92007.html]
[fuzzycarrotnipples.com/graphics/MatrimonialSmaller.jpg]
[fuzzycarrotnipples.com/NewsArticles/April62006.html]
[fuzzycarrotnipples.com/Images/BarbarianDan.jpg]
[fuzzycarrotnipples.com/graphics/SellOut2.jpg]
[fuzzycarrotnipples.com/NewsArticles/August222005.html]
[fuzzycarrotnipples.com/graphics/BrazenMarketingPloyDog.jpg]
[fuzzycarrotnipples.com/NewsArticles/April72005.html]
[fuzzycarrotnipples.com/graphics/BrazenMarketingPloyHead.jpg]
[fuzzycarrotnipples.com/PresidentArticles/February252005.html]
[fuzzycarrotnipples.com/PresidentArticles/September282004.html]
[fuzzycarrotnipples.com/NewsArticles/July22004.html]
[fuzzycarrotnipples.com/PresidentArticles/June282004.html]
[fuzzycarrotnipples.com/PresidentArticles/Interview.html]
[fuzzycarrotnipples.com/PresidentArticles/January32004.html]
[fuzzycarrotnipples.com/NewsArticles/December122003.html]
[fuzzycarrotnipples.com/NewsArticles/June22003.html]
[fuzzycarrotnipples.com/NewsArticles/May202003.html]
[fuzzycarrotnipples.com/NewsArticles/May32003.html]
[fuzzycarrotnipples.com/Images/Katy1.jpg]
[fuzzycarrotnipples.com/NewsArticles/April152003.html]
[fuzzycarrotnipples.com/NewsArticles/March272003.html]
[fuzzycarrotnipples.com/NewsArticles/Jan312003.html]
[fuzzycarrotnipples.com/Images/Katy2.jpg]
[fuzzycarrotnipples.com/graphics/PresidentLogo.html]
